Microsoft (R) Macro Assembler Version 14.28.29336.0	    03/08/21 21:24:20
!Project 6     (Proj5_dunnand.asm			     Page 1 - 1


				TITLE Project 6     (Proj5_dunnand.asm)

				; Author: Andrew Dunn
				; Last Modified: 2/28/2021
				; OSU email address: dunnand@oregonstate.edu
				; Course number/section:   CS271 Section 400
				; Project Number: 6                Due Date: 2/28/2021
				; Description: This program generates a random array of 200 integers between 10 and 29.
				; It then sorts the array and prints the sorted values. It calculates the median value and prints it
				; It then counts the total of each number within the sorted array and creates a new array with the
				; counts of each number between 10 and 29.


				INCLUDE Irvine32.inc
			      C ; Include file for Irvine32.lib             (Irvine32.inc)
			      C 
			      C ;OPTION CASEMAP:NONE		; optional: make identifiers case-sensitive
			      C 
			      C INCLUDE SmallWin.inc		; MS-Windows prototypes, structures, and constants
			      C .NOLIST
			      C .LIST
			      C 
			      C INCLUDE VirtualKeys.inc
			      C ; VirtualKeys.inc
			      C .NOLIST
			      C .LIST
			      C 
			      C 
			      C .NOLIST
			      C .LIST
			      C 

				mGetString MACRO prompt, outputLocation, outputLocationSize
					MOV EDX, prompt
					CALL WriteString

					MOV EDX, outputLocation
					MOV ECX, outputLocationSize
					CALL ReadString
				ENDM



 00000000			.data
 00000000 50 52 4F 47 52		intro_1				BYTE	"PROGRAMMING ASSIGNMENT 6: Designing low-level I/O procedures", 13, 10 
	   41 4D 4D 49 4E
	   47 20 41 53 53
	   49 47 4E 4D 45
	   4E 54 20 36 3A
	   20 44 65 73 69
	   67 6E 69 6E 67
	   20 6C 6F 77 2D
	   6C 65 76 65 6C
	   20 49 2F 4F 20
	   70 72 6F 63 65
	   64 75 72 65 73
	   0D 0A
 0000003E  57 72 69 74 74							BYTE	"Written by: Andrew Dunn" , 13, 10, 0
	   65 6E 20 62 79
	   3A 20 41 6E 64
	   72 65 77 20 44
	   75 6E 6E 0D 0A
	   00
 00000058 50 6C 65 61 73		intro_2				BYTE	"Please provide 10 signed decimal integers.", 13, 10
	   65 20 70 72 6F
	   76 69 64 65 20
	   31 30 20 73 69
	   67 6E 65 64 20
	   64 65 63 69 6D
	   61 6C 20 69 6E
	   74 65 67 65 72
	   73 2E 0D 0A
 00000084  45 61 63 68 20							BYTE	"Each number needs to be small enough to fit inside a 32 bit register.", 13, 10
	   6E 75 6D 62 65
	   72 20 6E 65 65
	   64 73 20 74 6F
	   20 62 65 20 73
	   6D 61 6C 6C 20
	   65 6E 6F 75 67
	   68 20 74 6F 20
	   66 69 74 20 69
	   6E 73 69 64 65
	   20 61 20 33 32
	   20 62 69 74 20
	   72 65 67 69 73
	   74 65 72 2E 0D
	   0A
 000000CB  41 66 74 65 72							BYTE	"After you have finished inputting the raw numbers I will display", 13, 10
	   20 79 6F 75 20
	   68 61 76 65 20
	   66 69 6E 69 73
	   68 65 64 20 69
	   6E 70 75 74 74
	   69 6E 67 20 74
	   68 65 20 72 61
	   77 20 6E 75 6D
	   62 65 72 73 20
	   49 20 77 69 6C
	   6C 20 64 69 73
	   70 6C 61 79 0D
	   0A
 0000010D  61 20 6C 69 73							BYTE	"a list of the integers, their sum, and their average value.", 13, 10, 0
	   74 20 6F 66 20
	   74 68 65 20 69
	   6E 74 65 67 65
	   72 73 2C 20 74
	   68 65 69 72 20
	   73 75 6D 2C 20
	   61 6E 64 20 74
	   68 65 69 72 20
	   61 76 65 72 61
	   67 65 20 76 61
	   6C 75 65 2E 0D
	   0A 00
 0000014B 45 52 52 4F 52		error_1				BYTE	"ERROR: You did not enter a signed number or your number was too big.", 13, 10
	   3A 20 59 6F 75
	   20 64 69 64 20
	   6E 6F 74 20 65
	   6E 74 65 72 20
	   61 20 73 69 67
	   6E 65 64 20 6E
	   75 6D 62 65 72
	   20 6F 72 20 79
	   6F 75 72 20 6E
	   75 6D 62 65 72
	   20 77 61 73 20
	   74 6F 6F 20 62
	   69 67 2E 0D 0A
 00000191  50 6C 65 61 73							BYTE	"Please try again: ", 0
	   65 20 74 72 79
	   20 61 67 61 69
	   6E 3A 20 00
 000001A4 54 68 61 6E 6B		outro_1				BYTE	"Thanks for playing!", 0
	   73 20 66 6F 72
	   20 70 6C 61 79
	   69 6E 67 21 00
 000001B8 50 6C 65 61 73		prompt_1			BYTE	"Please enter an signed number: ", 0
	   65 20 65 6E 74
	   65 72 20 61 6E
	   20 73 69 67 6E
	   65 64 20 6E 75
	   6D 62 65 72 3A
	   20 00
 000001D8  00000021 [			userString			BYTE	33 DUP(0) 
	    00
	   ]
 000001F9  0000000A [			userArray			SDWORD	10 DUP(?)
	    00000000
	   ]


				; (insert variable definitions here)

 00000000			.code
 00000000			main PROC
					; Introduction
 00000000  68 00000000 R		PUSH OFFSET intro_1
 00000005  68 00000058 R		PUSH OFFSET intro_2
 0000000A  E8 0000002C			CALL introduction

 0000000F  68 0000014B R		PUSH OFFSET error_1
 00000014  68 000001B8 R		PUSH OFFSET prompt_1
 00000019  68 000001D8 R		PUSH OFFSET userString
 0000001E  6A 21			PUSH SIZEOF userString
 00000020  68 000001F9 R		PUSH OFFSET userArray
 00000025  E8 00000032			CALL ReadVal

					; Goodbye
 0000002A  68 000001A4 R		PUSH OFFSET outro_1
 0000002F  E8 0000019A			CALL farewell
				; (insert executable instructions here)

					Invoke ExitProcess,0	; exit to operating system
 00000034  6A 00	   *	    push   +000000000h
 00000036  E8 00000000 E   *	    call   ExitProcess
 0000003B			main ENDP

				; ---------------------------------------------------------------------------------
				;  Name: introduction
				;	
				;  Introduces the name of the program and programmer
				;
				;  Receives: intro_1, intro_2
				;
				;  Preconditions:  None
				;
				;  Postconditions: Displays introductory messages, intro_2 OFFSET in EDX
				;
				;  Returns: None
				; ---------------------------------------------------------------------------------
 0000003B			introduction PROC
					; save stack frame
 0000003B  55				PUSH EBP
 0000003C  8B EC			MOV EBP, ESP

					; print intro_1
 0000003E  8B 55 0C			MOV EDX, [EBP+12]
 00000041  E8 00000000 E		CALL WriteString
 00000046  E8 00000000 E		CALL Crlf

					; print intro_2
 0000004B  8B 55 08			MOV EDX, [EBP+8]
 0000004E  E8 00000000 E		CALL WriteString
 00000053  E8 00000000 E		CALL Crlf
					
					; return procedure
 00000058  5D				POP EBP
 00000059  C2 0008			RET 8
 0000005C			introduction ENDP

				; ---------------------------------------------------------------------------------
				;  Name: ReadVal
				;	
				;  Prompts user for an integer value, reads it as a string and converts to SDWORD, 
				;	and then stores this value in 
				;
				;  Receives: prompt_1, userString, userArray
				;
				;  Preconditions: randomArray must be a DWORD array
				;
				;  Postconditions: None
				;
				;  Returns: userArray
				; ---------------------------------------------------------------------------------

 0000005C			ReadVal PROC
					; build stack frame
					LOCAL validChar:BYTE
 0000005C  55		   *	    push   ebp
 0000005D  8B EC	   *	    mov    ebp, esp
 0000005F  83 C4 FC	   *	    add    esp, 0FFFFFFFCh
 00000062  52				PUSH EDX
 00000063  51				PUSH ECX
 00000064  53				PUSH EBX

					; put address of first element of random array into ESI and start counter
					mGetString [EBP + 20], [EBP + 16], [EBP + 12]
 00000065  8B 55 14	     1		MOV EDX, [EBP + 20]
 00000068  E8 00000000 E     1		CALL WriteString
 0000006D  8B 55 10	     1		MOV EDX, [EBP + 16]
 00000070  8B 4D 0C	     1		MOV ECX, [EBP + 12]
 00000073  E8 00000000 E     1		CALL ReadString
					
 00000078  8B 5D 08			MOV EBX, [EBP + 8]		; Array location
 0000007B  FF 75 FC			PUSH [EBP - 4]
 0000007E  50				PUSH EAX				; Number of Bytes read
 0000007F  53				PUSH EBX				
 00000080  52				PUSH EDX				; This is the current string OFFSET
 00000081  E8 00000019			CALL convertString

 00000086  8B 45 FC			MOV EAX, [EBP - 4]
 00000089  83 F8 00			CMP EAX, 0
 0000008C  7F 02			JG _errorNewNumber
 0000008E  EB 08			JMP _noError

 00000090			_errorNewNumber:
 00000090  8B 55 18			MOV EDX, [EBP + 24]
 00000093  E8 00000000 E		CALL WriteString

 00000098			_noError:
 00000098  5B				POP EBX
 00000099  59				POP ECX
 0000009A  5A				POP EDX
 0000009B  C9		   *	    leave  
 0000009C  C2 0010			RET 16
 0000009F			ReadVal ENDP
Proj6_dunnand.asm(145) : warning A6004:procedure argument or local not referenced : validChar

				; ---------------------------------------------------------------------------------
				;  Name: convertString
				;	
				;  Converts a string value to integer using string primitives
				;
				;  Receives: userString, userString Size, userArray
				;
				;  Preconditions:  None
				;
				;  Postconditions: None
				;
				;  Returns: userString
				; ---------------------------------------------------------------------------------
 0000009F			convertString PROC
					LOCAL numInt:SDWORD
					
 0000009F  55		   *	    push   ebp
 000000A0  8B EC	   *	    mov    ebp, esp
 000000A2  83 C4 FC	   *	    add    esp, 0FFFFFFFCh
 000000A5  50				PUSH EAX
 000000A6  53				PUSH EBX
 000000A7  51				PUSH ECX
 000000A8  52				PUSH EDX
 000000A9  57				PUSH EDI
 000000AA  56				PUSH ESI

 000000AB  33 C0			XOR EAX, EAX
 000000AD  89 45 FC			MOV numInt, EAX
 000000B0  8B 7D 0C			MOV EDI, [EBP + 12]
 000000B3  8B 75 08			MOV ESI, [EBP + 8]
 000000B6  8B 4D 10			MOV ECX, [EBP + 16]			; length of string
 000000B9  8B 55 14			MOV EDX, [EBP + 20]			; LOCAL validChar 
 000000BC  89 02			MOV [EDX], EAX
					
 000000BE			_stringLoop:
 000000BE  AC				LODSB
 000000BF  3C 30			CMP AL, 48
 000000C1  7C 28			JL _invalid
 000000C3  3C 39			CMP AL, 57
 000000C5  7F 24			JG _invalid

 000000C7  0F B6 D8			MOVZX EBX, AL
 000000CA  83 EB 30			SUB EBX, 48
 000000CD  B8 0000000A			MOV EAX, 10
 000000D2  F7 65 FC			MUL numInt
 000000D5  03 C3			ADD EAX, EBX
 000000D7  89 45 FC			MOV numInt, EAX
 000000DA  49				DEC ECX
 000000DB  83 F9 00			CMP ECX, 0
 000000DE  74 02			JE _storeString
 000000E0  EB DC			JMP _stringLoop

 000000E2			_storeString:
 000000E2  89 07			MOV [EDI], EAX
 000000E4  E8 00000000 E		CALL WriteInt
 000000E9  EB 07			JMP _valid

 000000EB			_invalid:
 000000EB  B8 00000001			MOV EAX, 1
 000000F0  89 02			MOV [EDX], EAX

 000000F2			_valid:
 000000F2  33 C0			XOR EAX, EAX

 000000F4			_doneConverting:
 000000F4  5E				POP ESI
 000000F5  5F				POP EDI
 000000F6  5A				POP EDX
 000000F7  59				POP ECX
 000000F8  5B				POP EBX
 000000F9  58				POP EAX
 000000FA  C9		   *	    leave  
 000000FB  C2 0010			RET 16
 000000FE			convertString ENDP

				; ---------------------------------------------------------------------------------
				;  Name: sortList
				;	
				;  Sorts the array passed to the procedure
				;
				;  Receives: randomArray, ARRAYSIZE
				;
				;  Preconditions:  randomArray must be DWORD array
				;
				;  Postconditions:  EAX changed, EDX changed 
				;
				;  Returns: randomArray
				; ---------------------------------------------------------------------------------
 000000FE			sortList PROC
					; save stack frame
 000000FE  55				PUSH EBP
 000000FF  8B EC			MOV EBP, ESP
 00000101  51				PUSH ECX
 00000102  57				PUSH EDI

					; Assign counter (Array size) and array address
 00000103  8B 4D 0C			MOV ECX, [EBP + 12]
 00000106  8B 7D 08			MOV EDI, [EBP + 8]
 00000109  83 E9 01			SUB ECX, 1

 0000010C			_outerLoop:
 0000010C  51				PUSH ECX	; Loop Counter
 0000010D  57				PUSH EDI
 0000010E				_innerLoop:
						; Compare values at adjacent indices, swap if first index is greater than second
 0000010E  8B 07				MOV EAX, [EDI]
 00000110  8B 57 04				MOV EDX, [EDI + 4]
 00000113  3B C2				CMP EAX, EDX
 00000115  7F 02				JG _swap
 00000117  EB 05				JMP _loop
						
 00000119				_swap:
 00000119  E8 0000000F				CALL exchangeElements

 0000011E				_loop:
 0000011E  83 C7 04				ADD EDI, 4
 00000121  E2 EB				LOOP _innerLoop
 00000123  5F				POP EDI
 00000124  59				POP ECX
 00000125  E2 E5			LOOP _outerLoop

 00000127  5F				POP EDI
 00000128  59				POP ECX
 00000129  5D				POP EBP
 0000012A  C2 0008			RET 8
 0000012D			sortList ENDP

				; ---------------------------------------------------------------------------------
				;  Name: exchangeElements
				;	
				;  exchanges two elements of an array
				;
				;  Receives: None
				;
				;  Preconditions: randomArray must be a DWORD array, value of current index in EAX, value of next index in EDX, address of current index in EDI
				;
				;  Postconditions: None
				;
				;  Returns: current and next index values are swapped 
				; ---------------------------------------------------------------------------------
 0000012D			exchangeElements PROC
					; save stack frame
 0000012D  55				PUSH EBP
 0000012E  8B EC			MOV EBP, ESP

					; swap the values
 00000130  89 17			MOV [EDI], EDX
 00000132  89 47 04			MOV [EDI + 4], EAX

 00000135  5D				POP EBP
 00000136  C3				RET
 00000137			exchangeElements ENDP

				; ---------------------------------------------------------------------------------
				;  Name: displayMedian
				;	
				;  Sorts the array passed to the procedure
				;
				;  Receives: randomArray, ARRAYSIZE
				;
				;  Preconditions:  randomArray must be DWORD array
				;
				;  Postconditions:   EAX, EBX, ECX, and EDX changed, median displayed
				;
				;  Returns: None
				; ---------------------------------------------------------------------------------
 00000137			displayMedian PROC
					; save stack frame
 00000137  55				PUSH EBP
 00000138  8B EC			MOV EBP, ESP

 0000013A  8B 45 0C			MOV EAX, [EBP + 12]			; ARRAYSIZE
 0000013D  8B 75 08			MOV ESI, [EBP + 8]			; randomArray address

					; Check if ARRAYSIZE is odd or even
 00000140  33 D2			XOR EDX, EDX
 00000142  B9 00000002			MOV ECX, 2
 00000147  F7 F1			DIV ECX
 00000149  83 FA 00			CMP EDX, 0
 0000014C  75 24			JNE _oddNumberedArray

					; If array is even, get addresses of the middle two numbers of the sorted array
 0000014E  BB 00000004			MOV EBX, 4					; EAX is quotient of ARRAYSIZE DIV 2
 00000153  F7 E3			MUL EBX						; MUL EBX gives address of middle index in EAX
 00000155  8B 14 06			MOV EDX, [ESI + EAX]		; Middle number 1
 00000158  2B C3			SUB EAX, EBX
 0000015A  8B 1C 06			MOV EBX, [ESI + EAX]		; Middle number 2
					
					; Find average of two middle numbers
 0000015D  03 DA			ADD EBX, EDX
 0000015F  8B C3			MOV EAX, EBX
 00000161  BB 00000002			MOV EBX, 2
 00000166  33 D2			XOR EDX, EDX
 00000168  F7 F3			DIV EBX
					
					; If integer, print the result, else round up and print the result
 0000016A  83 FA 00			CMP EDX, 0 
 0000016D  74 0F			JE _printMedian
 0000016F  40				INC EAX
 00000170  EB 0C			JMP _printMedian

 00000172			_oddNumberedArray:
					; If odd numbered array, find the middle of array and print result
 00000172  BB 00000004			MOV EBX, 4					; EAX is quotient of ARRAYSIZE DIV 2
 00000177  F7 E3			MUL EBX						; MUL EBX gives address of middle index in EAX
 00000179  8B 1C 06			MOV EBX, [ESI+EAX]
 0000017C  8B C3			MOV EAX, EBX
					
 0000017E			_printMedian:
 0000017E  8B 55 10			MOV EDX, [EBP + 16]
 00000181  E8 00000000 E		CALL WriteString
 00000186  E8 00000000 E		CALL WriteDec
 0000018B  E8 00000000 E		CALL Crlf
 00000190  E8 00000000 E		CALL Crlf

 00000195  5D				POP EBP
 00000196  C2 0008			RET 8
 00000199			displayMedian ENDP

				; ---------------------------------------------------------------------------------
				;  Name: generateCounts
				;	
				;  populates the counts array with total amount of each random number
				;
				;  Preconditions: counts must be DWORD array
				;
				;  Postconditions: EAX, ECX, EDX changed, Goodbye message displayed
				;
				;  Receives: Arraysize, counts, HI, LO
				;
				;  Returns: None
				; ---------------------------------------------------------------------------------
 00000199			generateCounts PROC
					; save stack frame
 00000199  55				PUSH EBP
 0000019A  8B EC			MOV EBP, ESP
 0000019C  56				PUSH ESI
 0000019D  57				PUSH EDI

 0000019E  8B 4D 18			MOV ECX, [EBP + 24]			; ARRAYSIZE
 000001A1  8B 7D 14			MOV EDI, [EBP + 20]			; counts
 000001A4  8B 75 08			MOV ESI, [EBP + 8]			; randomArray                                                                                                                                                          ]
 000001A7  8B 45 0C			MOV EAX, [EBP + 12]			; LO
 000001AA  33 D2			XOR EDX, EDX				; current count

 000001AC			_startCount:
 000001AC  8B 1E			MOV EBX, [ESI]
 000001AE  3B C3			CMP EAX, EBX
 000001B0  75 07			JNE _endCount
 000001B2  42				INC EDX
 000001B3  83 C6 04			ADD ESI, 4
 000001B6  49				DEC ECX
 000001B7  75 F3			JNZ _startCount

 000001B9			_endCount:
 000001B9  89 17			MOV [EDI], EDX
 000001BB  83 C7 04			ADD EDI, 4
 000001BE  33 D2			XOR EDX, EDX
 000001C0  40				INC EAX
 000001C1  83 F9 00			CMP ECX, 0
 000001C4  74 02			JE _doneCounting
 000001C6  EB E4			JMP _startCount

 000001C8			_doneCounting:
 000001C8  5F				POP EDI
 000001C9  5E				POP ESI
 000001CA  5D				POP EBP
 000001CB  C2 0014			RET 20
 000001CE			generateCounts ENDP

				; ---------------------------------------------------------------------------------
				;  Name: farewell
				;	
				;  Displays goodbye message to the user
				;
				;  Preconditions: None
				;
				;  Postconditions: Goodbye message displayed
				;
				;  Receives: outro_1
				;
				;  Returns: None
				; ---------------------------------------------------------------------------------
 000001CE			farewell PROC
					; save stack frame
 000001CE  55				PUSH EBP
 000001CF  8B EC			MOV EBP, ESP

					; print greeting_1
 000001D1  8B 55 08			MOV EDX, [EBP+8]
 000001D4  E8 00000000 E		CALL WriteString
 000001D9  E8 00000000 E		CALL Crlf
					
					; return procedure
 000001DE  5D				POP EBP
 000001DF  C2 0008			RET 8
 000001E2			farewell ENDP

				END main
Microsoft (R) Macro Assembler Version 14.28.29336.0	    03/08/21 21:24:20
!Project 6     (Proj5_dunnand.asm			     Symbols 2 - 1




Macros:

                N a m e                 Type

mGetString . . . . . . . . . . .	Proc


Structures and Unions:

                N a m e                  Size
                                         Offset      Type

CONSOLE_CURSOR_INFO  . . . . . .	 00000008
  dwSize . . . . . . . . . . . .	 00000000	 DWord
  bVisible . . . . . . . . . . .	 00000004	 DWord
CONSOLE_SCREEN_BUFFER_INFO . . .	 00000016
  dwSize . . . . . . . . . . . .	 00000000	 DWord
  dwCursorPosition . . . . . . .	 00000004	 DWord
  wAttributes  . . . . . . . . .	 00000008	 Word
  srWindow . . . . . . . . . . .	 0000000A	 QWord
  dwMaximumWindowSize  . . . . .	 00000012	 DWord
COORD  . . . . . . . . . . . . .	 00000004
  X  . . . . . . . . . . . . . .	 00000000	 Word
  Y  . . . . . . . . . . . . . .	 00000002	 Word
FILETIME . . . . . . . . . . . .	 00000008
  loDateTime . . . . . . . . . .	 00000000	 DWord
  hiDateTime . . . . . . . . . .	 00000004	 DWord
FOCUS_EVENT_RECORD . . . . . . .	 00000004
  bSetFocus  . . . . . . . . . .	 00000000	 DWord
FPU_ENVIRON  . . . . . . . . . .	 0000001C
  controlWord  . . . . . . . . .	 00000000	 Word
  statusWord . . . . . . . . . .	 00000004	 Word
  tagWord  . . . . . . . . . . .	 00000008	 Word
  instrPointerOffset . . . . . .	 0000000C	 DWord
  instrPointerSelector . . . . .	 00000010	 DWord
  operandPointerOffset . . . . .	 00000014	 DWord
  operandPointerSelector . . . .	 00000018	 Word
INPUT_RECORD . . . . . . . . . .	 00000014
  EventType  . . . . . . . . . .	 00000000	 Word
  Event  . . . . . . . . . . . .	 00000004	 XmmWord
  bKeyDown . . . . . . . . . . .	 00000000	 DWord
  wRepeatCount . . . . . . . . .	 00000004	 Word
  wVirtualKeyCode  . . . . . . .	 00000006	 Word
  wVirtualScanCode . . . . . . .	 00000008	 Word
  uChar  . . . . . . . . . . . .	 0000000A	 Word
  UnicodeChar  . . . . . . . . .	 00000000	 Word
  AsciiChar  . . . . . . . . . .	 00000000	 Byte
  dwControlKeyState  . . . . . .	 0000000C	 DWord
  dwMousePosition  . . . . . . .	 00000000	 DWord
  dwButtonState  . . . . . . . .	 00000004	 DWord
  dwMouseControlKeyState . . . .	 00000008	 DWord
  dwEventFlags . . . . . . . . .	 0000000C	 DWord
  dwSize . . . . . . . . . . . .	 00000000	 DWord
  dwCommandId  . . . . . . . . .	 00000000	 DWord
  bSetFocus  . . . . . . . . . .	 00000000	 DWord
KEY_EVENT_RECORD . . . . . . . .	 00000010
  bKeyDown . . . . . . . . . . .	 00000000	 DWord
  wRepeatCount . . . . . . . . .	 00000004	 Word
  wVirtualKeyCode  . . . . . . .	 00000006	 Word
  wVirtualScanCode . . . . . . .	 00000008	 Word
  uChar  . . . . . . . . . . . .	 0000000A	 Word
  UnicodeChar  . . . . . . . . .	 00000000	 Word
  AsciiChar  . . . . . . . . . .	 00000000	 Byte
  dwControlKeyState  . . . . . .	 0000000C	 DWord
MENU_EVENT_RECORD  . . . . . . .	 00000004
  dwCommandId  . . . . . . . . .	 00000000	 DWord
MOUSE_EVENT_RECORD . . . . . . .	 00000010
  dwMousePosition  . . . . . . .	 00000000	 DWord
  dwButtonState  . . . . . . . .	 00000004	 DWord
  dwMouseControlKeyState . . . .	 00000008	 DWord
  dwEventFlags . . . . . . . . .	 0000000C	 DWord
SMALL_RECT . . . . . . . . . . .	 00000008
  Left . . . . . . . . . . . . .	 00000000	 Word
  Top  . . . . . . . . . . . . .	 00000002	 Word
  Right  . . . . . . . . . . . .	 00000004	 Word
  Bottom . . . . . . . . . . . .	 00000006	 Word
SYSTEMTIME . . . . . . . . . . .	 00000010
  wYear  . . . . . . . . . . . .	 00000000	 Word
  wMonth . . . . . . . . . . . .	 00000002	 Word
  wDayOfWeek . . . . . . . . . .	 00000004	 Word
  wDay . . . . . . . . . . . . .	 00000006	 Word
  wHour  . . . . . . . . . . . .	 00000008	 Word
  wMinute  . . . . . . . . . . .	 0000000A	 Word
  wSecond  . . . . . . . . . . .	 0000000C	 Word
  wMilliseconds  . . . . . . . .	 0000000E	 Word
WINDOW_BUFFER_SIZE_RECORD  . . .	 00000004
  dwSize . . . . . . . . . . . .	 00000000	 DWord


Segments and Groups:

                N a m e                 Size     Length   Align   Combine Class

FLAT . . . . . . . . . . . . . .	GROUP
STACK  . . . . . . . . . . . . .	32 Bit	 00001000 Para	  Stack	  'STACK'	 
_DATA  . . . . . . . . . . . . .	32 Bit	 00000221 Para	  Public  'DATA'	
_TEXT  . . . . . . . . . . . . .	32 Bit	 000001E2 Para	  Public  'CODE'	


Procedures, parameters, and locals:

                N a m e                 Type     Value    Attr

CloseFile  . . . . . . . . . . .	P Near	 00000000 FLAT	Length= 00000000 External STDCALL
CloseHandle  . . . . . . . . . .	P Near	 00000000 FLAT	Length= 00000000 External STDCALL
Clrscr . . . . . . . . . . . . .	P Near	 00000000 FLAT	Length= 00000000 External STDCALL
CreateFileA  . . . . . . . . . .	P Near	 00000000 FLAT	Length= 00000000 External STDCALL
CreateOutputFile . . . . . . . .	P Near	 00000000 FLAT	Length= 00000000 External STDCALL
Crlf . . . . . . . . . . . . . .	P Near	 00000000 FLAT	Length= 00000000 External STDCALL
Delay  . . . . . . . . . . . . .	P Near	 00000000 FLAT	Length= 00000000 External STDCALL
DumpMem  . . . . . . . . . . . .	P Near	 00000000 FLAT	Length= 00000000 External STDCALL
DumpRegs . . . . . . . . . . . .	P Near	 00000000 FLAT	Length= 00000000 External STDCALL
ExitProcess  . . . . . . . . . .	P Near	 00000000 FLAT	Length= 00000000 External STDCALL
FileTimeToDosDateTime  . . . . .	P Near	 00000000 FLAT	Length= 00000000 External STDCALL
FileTimeToSystemTime . . . . . .	P Near	 00000000 FLAT	Length= 00000000 External STDCALL
FlushConsoleInputBuffer  . . . .	P Near	 00000000 FLAT	Length= 00000000 External STDCALL
FormatMessageA . . . . . . . . .	P Near	 00000000 FLAT	Length= 00000000 External STDCALL
GetCommandLineA  . . . . . . . .	P Near	 00000000 FLAT	Length= 00000000 External STDCALL
GetCommandTail . . . . . . . . .	P Near	 00000000 FLAT	Length= 00000000 External STDCALL
GetConsoleCP . . . . . . . . . .	P Near	 00000000 FLAT	Length= 00000000 External STDCALL
GetConsoleCursorInfo . . . . . .	P Near	 00000000 FLAT	Length= 00000000 External STDCALL
GetConsoleMode . . . . . . . . .	P Near	 00000000 FLAT	Length= 00000000 External STDCALL
GetConsoleScreenBufferInfo . . .	P Near	 00000000 FLAT	Length= 00000000 External STDCALL
GetDateTime  . . . . . . . . . .	P Near	 00000000 FLAT	Length= 00000000 External STDCALL
GetFileTime  . . . . . . . . . .	P Near	 00000000 FLAT	Length= 00000000 External STDCALL
GetKeyState  . . . . . . . . . .	P Near	 00000000 FLAT	Length= 00000000 External STDCALL
GetLastError . . . . . . . . . .	P Near	 00000000 FLAT	Length= 00000000 External STDCALL
GetLocalTime . . . . . . . . . .	P Near	 00000000 FLAT	Length= 00000000 External STDCALL
GetMaxXY . . . . . . . . . . . .	P Near	 00000000 FLAT	Length= 00000000 External STDCALL
GetMseconds  . . . . . . . . . .	P Near	 00000000 FLAT	Length= 00000000 External STDCALL
GetNumberOfConsoleInputEvents  .	P Near	 00000000 FLAT	Length= 00000000 External STDCALL
GetProcessHeap . . . . . . . . .	P Near	 00000000 FLAT	Length= 00000000 External STDCALL
GetStdHandle . . . . . . . . . .	P Near	 00000000 FLAT	Length= 00000000 External STDCALL
GetSystemTime  . . . . . . . . .	P Near	 00000000 FLAT	Length= 00000000 External STDCALL
GetTextColor . . . . . . . . . .	P Near	 00000000 FLAT	Length= 00000000 External STDCALL
GetTickCount . . . . . . . . . .	P Near	 00000000 FLAT	Length= 00000000 External STDCALL
Gotoxy . . . . . . . . . . . . .	P Near	 00000000 FLAT	Length= 00000000 External STDCALL
HeapAlloc  . . . . . . . . . . .	P Near	 00000000 FLAT	Length= 00000000 External STDCALL
HeapCreate . . . . . . . . . . .	P Near	 00000000 FLAT	Length= 00000000 External STDCALL
HeapDestroy  . . . . . . . . . .	P Near	 00000000 FLAT	Length= 00000000 External STDCALL
HeapFree . . . . . . . . . . . .	P Near	 00000000 FLAT	Length= 00000000 External STDCALL
HeapSize . . . . . . . . . . . .	P Near	 00000000 FLAT	Length= 00000000 External STDCALL
IsDigit  . . . . . . . . . . . .	P Near	 00000000 FLAT	Length= 00000000 External STDCALL
LocalFree  . . . . . . . . . . .	P Near	 00000000 FLAT	Length= 00000000 External STDCALL
MessageBoxA  . . . . . . . . . .	P Near	 00000000 FLAT	Length= 00000000 External STDCALL
MsgBoxAsk  . . . . . . . . . . .	P Near	 00000000 FLAT	Length= 00000000 External STDCALL
MsgBox . . . . . . . . . . . . .	P Near	 00000000 FLAT	Length= 00000000 External STDCALL
OpenInputFile  . . . . . . . . .	P Near	 00000000 FLAT	Length= 00000000 External STDCALL
ParseDecimal32 . . . . . . . . .	P Near	 00000000 FLAT	Length= 00000000 External STDCALL
ParseInteger32 . . . . . . . . .	P Near	 00000000 FLAT	Length= 00000000 External STDCALL
PeekConsoleInputA  . . . . . . .	P Near	 00000000 FLAT	Length= 00000000 External STDCALL
Random32 . . . . . . . . . . . .	P Near	 00000000 FLAT	Length= 00000000 External STDCALL
RandomRange  . . . . . . . . . .	P Near	 00000000 FLAT	Length= 00000000 External STDCALL
Randomize  . . . . . . . . . . .	P Near	 00000000 FLAT	Length= 00000000 External STDCALL
ReadChar . . . . . . . . . . . .	P Near	 00000000 FLAT	Length= 00000000 External STDCALL
ReadConsoleA . . . . . . . . . .	P Near	 00000000 FLAT	Length= 00000000 External STDCALL
ReadConsoleInputA  . . . . . . .	P Near	 00000000 FLAT	Length= 00000000 External STDCALL
ReadDec  . . . . . . . . . . . .	P Near	 00000000 FLAT	Length= 00000000 External STDCALL
ReadFile . . . . . . . . . . . .	P Near	 00000000 FLAT	Length= 00000000 External STDCALL
ReadFloat  . . . . . . . . . . .	P Near	 00000000 FLAT	Length= 00000000 External STDCALL
ReadFromFile . . . . . . . . . .	P Near	 00000000 FLAT	Length= 00000000 External STDCALL
ReadHex  . . . . . . . . . . . .	P Near	 00000000 FLAT	Length= 00000000 External STDCALL
ReadInt  . . . . . . . . . . . .	P Near	 00000000 FLAT	Length= 00000000 External STDCALL
ReadKeyFlush . . . . . . . . . .	P Near	 00000000 FLAT	Length= 00000000 External STDCALL
ReadKey  . . . . . . . . . . . .	P Near	 00000000 FLAT	Length= 00000000 External STDCALL
ReadString . . . . . . . . . . .	P Near	 00000000 FLAT	Length= 00000000 External STDCALL
ReadVal  . . . . . . . . . . . .	P Near	 0000005C _TEXT	Length= 00000043 Public STDCALL
  validChar  . . . . . . . . . .	Byte	 bp - 00000001
  _errorNewNumber  . . . . . . .	L Near	 00000090 _TEXT	
  _noError . . . . . . . . . . .	L Near	 00000098 _TEXT	
SetConsoleCursorInfo . . . . . .	P Near	 00000000 FLAT	Length= 00000000 External STDCALL
SetConsoleCursorPosition . . . .	P Near	 00000000 FLAT	Length= 00000000 External STDCALL
SetConsoleMode . . . . . . . . .	P Near	 00000000 FLAT	Length= 00000000 External STDCALL
SetConsoleScreenBufferSize . . .	P Near	 00000000 FLAT	Length= 00000000 External STDCALL
SetConsoleTextAttribute  . . . .	P Near	 00000000 FLAT	Length= 00000000 External STDCALL
SetConsoleTitleA . . . . . . . .	P Near	 00000000 FLAT	Length= 00000000 External STDCALL
SetConsoleWindowInfo . . . . . .	P Near	 00000000 FLAT	Length= 00000000 External STDCALL
SetFilePointer . . . . . . . . .	P Near	 00000000 FLAT	Length= 00000000 External STDCALL
SetLocalTime . . . . . . . . . .	P Near	 00000000 FLAT	Length= 00000000 External STDCALL
SetTextColor . . . . . . . . . .	P Near	 00000000 FLAT	Length= 00000000 External STDCALL
ShowFPUStack . . . . . . . . . .	P Near	 00000000 FLAT	Length= 00000000 External STDCALL
Sleep  . . . . . . . . . . . . .	P Near	 00000000 FLAT	Length= 00000000 External STDCALL
StrLength  . . . . . . . . . . .	P Near	 00000000 FLAT	Length= 00000000 External STDCALL
Str_compare  . . . . . . . . . .	P Near	 00000000 FLAT	Length= 00000000 External STDCALL
Str_copy . . . . . . . . . . . .	P Near	 00000000 FLAT	Length= 00000000 External STDCALL
Str_length . . . . . . . . . . .	P Near	 00000000 FLAT	Length= 00000000 External STDCALL
Str_trim . . . . . . . . . . . .	P Near	 00000000 FLAT	Length= 00000000 External STDCALL
Str_ucase  . . . . . . . . . . .	P Near	 00000000 FLAT	Length= 00000000 External STDCALL
SystemTimeToFileTime . . . . . .	P Near	 00000000 FLAT	Length= 00000000 External STDCALL
WaitMsg  . . . . . . . . . . . .	P Near	 00000000 FLAT	Length= 00000000 External STDCALL
WriteBinB  . . . . . . . . . . .	P Near	 00000000 FLAT	Length= 00000000 External STDCALL
WriteBin . . . . . . . . . . . .	P Near	 00000000 FLAT	Length= 00000000 External STDCALL
WriteChar  . . . . . . . . . . .	P Near	 00000000 FLAT	Length= 00000000 External STDCALL
WriteConsoleA  . . . . . . . . .	P Near	 00000000 FLAT	Length= 00000000 External STDCALL
WriteConsoleOutputAttribute  . .	P Near	 00000000 FLAT	Length= 00000000 External STDCALL
WriteConsoleOutputCharacterA . .	P Near	 00000000 FLAT	Length= 00000000 External STDCALL
WriteDec . . . . . . . . . . . .	P Near	 00000000 FLAT	Length= 00000000 External STDCALL
WriteFile  . . . . . . . . . . .	P Near	 00000000 FLAT	Length= 00000000 External STDCALL
WriteFloat . . . . . . . . . . .	P Near	 00000000 FLAT	Length= 00000000 External STDCALL
WriteHexB  . . . . . . . . . . .	P Near	 00000000 FLAT	Length= 00000000 External STDCALL
WriteHex . . . . . . . . . . . .	P Near	 00000000 FLAT	Length= 00000000 External STDCALL
WriteInt . . . . . . . . . . . .	P Near	 00000000 FLAT	Length= 00000000 External STDCALL
WriteStackFrameName  . . . . . .	P Near	 00000000 FLAT	Length= 00000000 External STDCALL
WriteStackFrame  . . . . . . . .	P Near	 00000000 FLAT	Length= 00000000 External STDCALL
WriteString  . . . . . . . . . .	P Near	 00000000 FLAT	Length= 00000000 External STDCALL
WriteToFile  . . . . . . . . . .	P Near	 00000000 FLAT	Length= 00000000 External STDCALL
WriteWindowsMsg  . . . . . . . .	P Near	 00000000 FLAT	Length= 00000000 External STDCALL
convertString  . . . . . . . . .	P Near	 0000009F _TEXT	Length= 0000005F Public STDCALL
  numInt . . . . . . . . . . . .	DWord	 bp - 00000004
  _stringLoop  . . . . . . . . .	L Near	 000000BE _TEXT	
  _storeString . . . . . . . . .	L Near	 000000E2 _TEXT	
  _invalid . . . . . . . . . . .	L Near	 000000EB _TEXT	
  _valid . . . . . . . . . . . .	L Near	 000000F2 _TEXT	
  _doneConverting  . . . . . . .	L Near	 000000F4 _TEXT	
displayMedian  . . . . . . . . .	P Near	 00000137 _TEXT	Length= 00000062 Public STDCALL
  _oddNumberedArray  . . . . . .	L Near	 00000172 _TEXT	
  _printMedian . . . . . . . . .	L Near	 0000017E _TEXT	
exchangeElements . . . . . . . .	P Near	 0000012D _TEXT	Length= 0000000A Public STDCALL
farewell . . . . . . . . . . . .	P Near	 000001CE _TEXT	Length= 00000014 Public STDCALL
generateCounts . . . . . . . . .	P Near	 00000199 _TEXT	Length= 00000035 Public STDCALL
  _startCount  . . . . . . . . .	L Near	 000001AC _TEXT	
  _endCount  . . . . . . . . . .	L Near	 000001B9 _TEXT	
  _doneCounting  . . . . . . . .	L Near	 000001C8 _TEXT	
introduction . . . . . . . . . .	P Near	 0000003B _TEXT	Length= 00000021 Public STDCALL
main . . . . . . . . . . . . . .	P Near	 00000000 _TEXT	Length= 0000003B Public STDCALL
printf . . . . . . . . . . . . .	P Near	 00000000 FLAT	Length= 00000000 External C
scanf  . . . . . . . . . . . . .	P Near	 00000000 FLAT	Length= 00000000 External C
sortList . . . . . . . . . . . .	P Near	 000000FE _TEXT	Length= 0000002F Public STDCALL
  _outerLoop . . . . . . . . . .	L Near	 0000010C _TEXT	
  _innerLoop . . . . . . . . . .	L Near	 0000010E _TEXT	
  _swap  . . . . . . . . . . . .	L Near	 00000119 _TEXT	
  _loop  . . . . . . . . . . . .	L Near	 0000011E _TEXT	
wsprintfA  . . . . . . . . . . .	P Near	 00000000 FLAT	Length= 00000000 External C


Symbols:

                N a m e                 Type     Value    Attr

@CodeSize  . . . . . . . . . . .	Number	 00000000h   
@DataSize  . . . . . . . . . . .	Number	 00000000h   
@Interface . . . . . . . . . . .	Number	 00000003h   
@Model . . . . . . . . . . . . .	Number	 00000007h   
@code  . . . . . . . . . . . . .	Text   	 _TEXT
@data  . . . . . . . . . . . . .	Text   	 FLAT
@fardata?  . . . . . . . . . . .	Text   	 FLAT
@fardata . . . . . . . . . . . .	Text   	 FLAT
@stack . . . . . . . . . . . . .	Text   	 FLAT
ALT_MASK . . . . . . . . . . . .	Number	 00000003h   
CAPSLOCK_ON  . . . . . . . . . .	Number	 00000080h   
CREATE_ALWAYS  . . . . . . . . .	Number	 00000002h   
CREATE_NEW . . . . . . . . . . .	Number	 00000001h   
CTRL_MASK  . . . . . . . . . . .	Number	 0000000Ch   
CreateFile . . . . . . . . . . .	Text   	 CreateFileA
DO_NOT_SHARE . . . . . . . . . .	Number	 00000000h   
ENABLE_ECHO_INPUT  . . . . . . .	Number	 00000004h   
ENABLE_LINE_INPUT  . . . . . . .	Number	 00000002h   
ENABLE_MOUSE_INPUT . . . . . . .	Number	 00000010h   
ENABLE_PROCESSED_INPUT . . . . .	Number	 00000001h   
ENABLE_PROCESSED_OUTPUT  . . . .	Number	 00000001h   
ENABLE_WINDOW_INPUT  . . . . . .	Number	 00000008h   
ENABLE_WRAP_AT_EOL_OUTPUT  . . .	Number	 00000002h   
ENHANCED_KEY . . . . . . . . . .	Number	 00000100h   
FALSE  . . . . . . . . . . . . .	Number	 00000000h   
FILE_APPEND_DATA . . . . . . . .	Number	 00000004h   
FILE_ATTRIBUTE_ARCHIVE . . . . .	Number	 00000020h   
FILE_ATTRIBUTE_COMPRESSED  . . .	Number	 00000800h   
FILE_ATTRIBUTE_DEVICE  . . . . .	Number	 00000040h   
FILE_ATTRIBUTE_DIRECTORY . . . .	Number	 00000010h   
FILE_ATTRIBUTE_ENCRYPTED . . . .	Number	 00004000h   
FILE_ATTRIBUTE_HIDDEN  . . . . .	Number	 00000002h   
FILE_ATTRIBUTE_NORMAL  . . . . .	Number	 00000080h   
FILE_ATTRIBUTE_NOT_CONTENT_INDEXED .	Number	 00002000h   
FILE_ATTRIBUTE_OFFLINE . . . . .	Number	 00001000h   
FILE_ATTRIBUTE_READONLY  . . . .	Number	 00000001h   
FILE_ATTRIBUTE_REPARSE_POINT . .	Number	 00000400h   
FILE_ATTRIBUTE_SPARSE_FILE . . .	Number	 00000200h   
FILE_ATTRIBUTE_SYSTEM  . . . . .	Number	 00000004h   
FILE_ATTRIBUTE_TEMPORARY . . . .	Number	 00000100h   
FILE_BEGIN . . . . . . . . . . .	Number	 00000000h   
FILE_CURRENT . . . . . . . . . .	Number	 00000001h   
FILE_DELETE_CHILD  . . . . . . .	Number	 00000040h   
FILE_END . . . . . . . . . . . .	Number	 00000002h   
FILE_READ_DATA . . . . . . . . .	Number	 00000001h   
FILE_SHARE_DELETE  . . . . . . .	Number	 00000004h   
FILE_SHARE_READ  . . . . . . . .	Number	 00000001h   
FILE_SHARE_WRITE . . . . . . . .	Number	 00000002h   
FILE_WRITE_DATA  . . . . . . . .	Number	 00000002h   
FOCUS_EVENT  . . . . . . . . . .	Number	 00000010h   
FORMAT_MESSAGE_ALLOCATE_BUFFER .	Number	 00000100h   
FORMAT_MESSAGE_FROM_SYSTEM . . .	Number	 00001000h   
FormatMessage  . . . . . . . . .	Text   	 FormatMessageA
GENERIC_ALL  . . . . . . . . . .	Number	 10000000h   
GENERIC_EXECUTE  . . . . . . . .	Number	 20000000h   
GENERIC_READ . . . . . . . . . .	Number	 -80000000h   
GENERIC_WRITE  . . . . . . . . .	Number	 40000000h   
GetCommandLine . . . . . . . . .	Text   	 GetCommandLineA
HANDLE . . . . . . . . . . . . .	Text   	 DWORD
HEAP_GENERATE_EXCEPTIONS . . . .	Number	 00000004h   
HEAP_GROWABLE  . . . . . . . . .	Number	 00000002h   
HEAP_NO_SERIALIZE  . . . . . . .	Number	 00000001h   
HEAP_REALLOC_IN_PLACE_ONLY . . .	Number	 00000010h   
HEAP_ZERO_MEMORY . . . . . . . .	Number	 00000008h   
IDABORT  . . . . . . . . . . . .	Number	 00000003h   
IDCANCEL . . . . . . . . . . . .	Number	 00000002h   
IDCLOSE  . . . . . . . . . . . .	Number	 00000008h   
IDCONTINUE . . . . . . . . . . .	Number	 0000000Bh   
IDHELP . . . . . . . . . . . . .	Number	 00000009h   
IDIGNORE . . . . . . . . . . . .	Number	 00000005h   
IDNO . . . . . . . . . . . . . .	Number	 00000007h   
IDOK . . . . . . . . . . . . . .	Number	 00000001h   
IDRETRY  . . . . . . . . . . . .	Number	 00000004h   
IDTIMEOUT  . . . . . . . . . . .	Number	 00007D00h   
IDTRYAGAIN . . . . . . . . . . .	Number	 0000000Ah   
IDYES  . . . . . . . . . . . . .	Number	 00000006h   
INVALID_HANDLE_VALUE . . . . . .	Number	 -00000001h   
KBDOWN_FLAG  . . . . . . . . . .	Number	 00000001h   
KEY_EVENT  . . . . . . . . . . .	Number	 00000001h   
KEY_MASKS  . . . . . . . . . . .	Number	 0000001Fh   
LEFT_ALT_PRESSED . . . . . . . .	Number	 00000002h   
LEFT_CTRL_PRESSED  . . . . . . .	Number	 00000008h   
MB_ABORTRETRYIGNORE  . . . . . .	Number	 00000002h   
MB_APPLMODAL . . . . . . . . . .	Number	 00000000h   
MB_CANCELTRYCONTINUE . . . . . .	Number	 00000006h   
MB_DEFBUTTON1  . . . . . . . . .	Number	 00000000h   
MB_DEFBUTTON2  . . . . . . . . .	Number	 00000100h   
MB_DEFBUTTON3  . . . . . . . . .	Number	 00000200h   
MB_DEFBUTTON4  . . . . . . . . .	Number	 00000300h   
MB_HELP  . . . . . . . . . . . .	Number	 00004000h   
MB_ICONASTERISK  . . . . . . . .	Number	 00000040h   
MB_ICONERROR . . . . . . . . . .	Number	 00000010h   
MB_ICONEXCLAMATION . . . . . . .	Number	 00000030h   
MB_ICONHAND  . . . . . . . . . .	Number	 00000010h   
MB_ICONINFORMATION . . . . . . .	Number	 00000040h   
MB_ICONQUESTION  . . . . . . . .	Number	 00000020h   
MB_ICONSTOP  . . . . . . . . . .	Number	 00000010h   
MB_ICONWARNING . . . . . . . . .	Number	 00000030h   
MB_OKCANCEL  . . . . . . . . . .	Number	 00000001h   
MB_OK  . . . . . . . . . . . . .	Number	 00000000h   
MB_RETRYCANCEL . . . . . . . . .	Number	 00000005h   
MB_SYSTEMMODAL . . . . . . . . .	Number	 00001000h   
MB_TASKMODAL . . . . . . . . . .	Number	 00002000h   
MB_USERICON  . . . . . . . . . .	Number	 00000080h   
MB_YESNOCANCEL . . . . . . . . .	Number	 00000003h   
MB_YESNO . . . . . . . . . . . .	Number	 00000004h   
MENU_EVENT . . . . . . . . . . .	Number	 00000008h   
MOUSE_EVENT  . . . . . . . . . .	Number	 00000002h   
MessageBox . . . . . . . . . . .	Text   	 MessageBoxA
NULL . . . . . . . . . . . . . .	Number	 00000000h   
NUMLOCK_ON . . . . . . . . . . .	Number	 00000020h   
OPEN_ALWAYS  . . . . . . . . . .	Number	 00000004h   
OPEN_EXISTING  . . . . . . . . .	Number	 00000003h   
PeekConsoleInput . . . . . . . .	Text   	 PeekConsoleInputA
RIGHT_ALT_PRESSED  . . . . . . .	Number	 00000001h   
RIGHT_CTRL_PRESSED . . . . . . .	Number	 00000004h   
ReadConsoleInput . . . . . . . .	Text   	 ReadConsoleInputA
ReadConsole  . . . . . . . . . .	Text   	 ReadConsoleA
SCROLLLOCK_ON  . . . . . . . . .	Number	 00000040h   
SHIFT_MASK . . . . . . . . . . .	Number	 00000010h   
SHIFT_PRESSED  . . . . . . . . .	Number	 00000010h   
STD_ERROR_HANDLE . . . . . . . .	Number	 -0000000Ch   
STD_INPUT_HANDLE . . . . . . . .	Number	 -0000000Ah   
STD_OUTPUT_HANDLE  . . . . . . .	Number	 -0000000Bh   
SetConsoleTitle  . . . . . . . .	Text   	 SetConsoleTitleA
TAB  . . . . . . . . . . . . . .	Number	 00000009h   
TRUE . . . . . . . . . . . . . .	Number	 00000001h   
TRUNCATE_EXISTING  . . . . . . .	Number	 00000005h   
VK_11  . . . . . . . . . . . . .	Number	 000000BDh   
VK_12  . . . . . . . . . . . . .	Number	 000000BBh   
VK_ADD . . . . . . . . . . . . .	Number	 0000006Bh   
VK_BACK  . . . . . . . . . . . .	Number	 00000008h   
VK_CANCEL  . . . . . . . . . . .	Number	 00000003h   
VK_CAPITAL . . . . . . . . . . .	Number	 00000014h   
VK_CLEAR . . . . . . . . . . . .	Number	 0000000Ch   
VK_CONTROL . . . . . . . . . . .	Number	 00000011h   
VK_DECIMAL . . . . . . . . . . .	Number	 0000006Eh   
VK_DELETE  . . . . . . . . . . .	Number	 0000002Eh   
VK_DIVIDE  . . . . . . . . . . .	Number	 0000006Fh   
VK_DOWN  . . . . . . . . . . . .	Number	 00000028h   
VK_END . . . . . . . . . . . . .	Number	 00000023h   
VK_ESCAPE  . . . . . . . . . . .	Number	 0000001Bh   
VK_EXECUTE . . . . . . . . . . .	Number	 0000002Bh   
VK_F10 . . . . . . . . . . . . .	Number	 00000079h   
VK_F11 . . . . . . . . . . . . .	Number	 0000007Ah   
VK_F12 . . . . . . . . . . . . .	Number	 0000007Bh   
VK_F13 . . . . . . . . . . . . .	Number	 0000007Ch   
VK_F14 . . . . . . . . . . . . .	Number	 0000007Dh   
VK_F15 . . . . . . . . . . . . .	Number	 0000007Eh   
VK_F16 . . . . . . . . . . . . .	Number	 0000007Fh   
VK_F17 . . . . . . . . . . . . .	Number	 00000080h   
VK_F18 . . . . . . . . . . . . .	Number	 00000081h   
VK_F19 . . . . . . . . . . . . .	Number	 00000082h   
VK_F1  . . . . . . . . . . . . .	Number	 00000070h   
VK_F20 . . . . . . . . . . . . .	Number	 00000083h   
VK_F21 . . . . . . . . . . . . .	Number	 00000084h   
VK_F22 . . . . . . . . . . . . .	Number	 00000085h   
VK_F23 . . . . . . . . . . . . .	Number	 00000086h   
VK_F24 . . . . . . . . . . . . .	Number	 00000087h   
VK_F2  . . . . . . . . . . . . .	Number	 00000071h   
VK_F3  . . . . . . . . . . . . .	Number	 00000072h   
VK_F4  . . . . . . . . . . . . .	Number	 00000073h   
VK_F5  . . . . . . . . . . . . .	Number	 00000074h   
VK_F6  . . . . . . . . . . . . .	Number	 00000075h   
VK_F7  . . . . . . . . . . . . .	Number	 00000076h   
VK_F8  . . . . . . . . . . . . .	Number	 00000077h   
VK_F9  . . . . . . . . . . . . .	Number	 00000078h   
VK_HELP  . . . . . . . . . . . .	Number	 0000002Fh   
VK_HOME  . . . . . . . . . . . .	Number	 00000024h   
VK_INSERT  . . . . . . . . . . .	Number	 0000002Dh   
VK_LBUTTON . . . . . . . . . . .	Number	 00000001h   
VK_LCONTROL  . . . . . . . . . .	Number	 000000A2h   
VK_LEFT  . . . . . . . . . . . .	Number	 00000025h   
VK_LMENU . . . . . . . . . . . .	Number	 000000A4h   
VK_LSHIFT  . . . . . . . . . . .	Number	 000000A0h   
VK_MENU  . . . . . . . . . . . .	Number	 00000012h   
VK_MULTIPLY  . . . . . . . . . .	Number	 0000006Ah   
VK_NEXT  . . . . . . . . . . . .	Number	 00000022h   
VK_NUMLOCK . . . . . . . . . . .	Number	 00000090h   
VK_NUMPAD0 . . . . . . . . . . .	Number	 00000060h   
VK_NUMPAD1 . . . . . . . . . . .	Number	 00000061h   
VK_NUMPAD2 . . . . . . . . . . .	Number	 00000062h   
VK_NUMPAD3 . . . . . . . . . . .	Number	 00000063h   
VK_NUMPAD4 . . . . . . . . . . .	Number	 00000064h   
VK_NUMPAD5 . . . . . . . . . . .	Number	 00000065h   
VK_NUMPAD6 . . . . . . . . . . .	Number	 00000066h   
VK_NUMPAD7 . . . . . . . . . . .	Number	 00000067h   
VK_NUMPAD8 . . . . . . . . . . .	Number	 00000068h   
VK_NUMPAD9 . . . . . . . . . . .	Number	 00000069h   
VK_PAUSE . . . . . . . . . . . .	Number	 00000013h   
VK_PRINT . . . . . . . . . . . .	Number	 0000002Ah   
VK_PRIOR . . . . . . . . . . . .	Number	 00000021h   
VK_RBUTTON . . . . . . . . . . .	Number	 00000002h   
VK_RCONTROL  . . . . . . . . . .	Number	 000000A3h   
VK_RETURN  . . . . . . . . . . .	Number	 0000000Dh   
VK_RIGHT . . . . . . . . . . . .	Number	 00000027h   
VK_RMENU . . . . . . . . . . . .	Number	 000000A5h   
VK_RSHIFT  . . . . . . . . . . .	Number	 000000A1h   
VK_SCROLL  . . . . . . . . . . .	Number	 00000091h   
VK_SEPARATER . . . . . . . . . .	Number	 0000006Ch   
VK_SHIFT . . . . . . . . . . . .	Number	 00000010h   
VK_SNAPSHOT  . . . . . . . . . .	Number	 0000002Ch   
VK_SPACE . . . . . . . . . . . .	Number	 00000020h   
VK_SUBTRACT  . . . . . . . . . .	Number	 0000006Dh   
VK_TAB . . . . . . . . . . . . .	Number	 00000009h   
VK_UP  . . . . . . . . . . . . .	Number	 00000026h   
WINDOW_BUFFER_SIZE_EVENT . . . .	Number	 00000004h   
WriteConsoleOutputCharacter  . .	Text   	 WriteConsoleOutputCharacterA
WriteConsole . . . . . . . . . .	Text   	 WriteConsoleA
black  . . . . . . . . . . . . .	Number	 00000000h   
blue . . . . . . . . . . . . . .	Number	 00000001h   
brown  . . . . . . . . . . . . .	Number	 00000006h   
cyan . . . . . . . . . . . . . .	Number	 00000003h   
error_1  . . . . . . . . . . . .	Byte	 0000014B _DATA	
exit . . . . . . . . . . . . . .	Text   	 INVOKE ExitProcess,0
gray . . . . . . . . . . . . . .	Number	 00000008h   
green  . . . . . . . . . . . . .	Number	 00000002h   
intro_1  . . . . . . . . . . . .	Byte	 00000000 _DATA	
intro_2  . . . . . . . . . . . .	Byte	 00000058 _DATA	
lightBlue  . . . . . . . . . . .	Number	 00000009h   
lightCyan  . . . . . . . . . . .	Number	 0000000Bh   
lightGray  . . . . . . . . . . .	Number	 00000007h   
lightGreen . . . . . . . . . . .	Number	 0000000Ah   
lightMagenta . . . . . . . . . .	Number	 0000000Dh   
lightRed . . . . . . . . . . . .	Number	 0000000Ch   
magenta  . . . . . . . . . . . .	Number	 00000005h   
outro_1  . . . . . . . . . . . .	Byte	 000001A4 _DATA	
prompt_1 . . . . . . . . . . . .	Byte	 000001B8 _DATA	
red  . . . . . . . . . . . . . .	Number	 00000004h   
userArray  . . . . . . . . . . .	DWord	 000001F9 _DATA	
userString . . . . . . . . . . .	Byte	 000001D8 _DATA	
white  . . . . . . . . . . . . .	Number	 0000000Fh   
wsprintf . . . . . . . . . . . .	Text   	 wsprintfA
yellow . . . . . . . . . . . . .	Number	 0000000Eh   

	   1 Warnings
	   0 Errors
